[INFO] Scanning for projects...
[INFO] 
[INFO] ---------------------< com.flatmate:flatmate-app >----------------------
[INFO] Building flatmate-app 1.0.0
[INFO]   from pom.xml
[INFO] --------------------------------[ jar ]---------------------------------
[INFO] 
[INFO] --- clean:3.3.2:clean (default-clean) @ flatmate-app ---
[INFO] Deleting D:\vs_capsro_backend_dev\flat_in_mate\target
[INFO] 
[INFO] --- resources:3.3.1:resources (default-resources) @ flatmate-app ---
[INFO] Copying 2 resources from src\main\resources to target\classes
[INFO] Copying 0 resource from src\main\resources to target\classes
[INFO] 
[INFO] --- compiler:3.11.0:compile (default-compile) @ flatmate-app ---
[INFO] Changes detected - recompiling the module! :source
[INFO] Compiling 59 source files with javac [debug release 17] to target\classes
[INFO] Annotation processing is enabled because one or more processors were found
  on the class path. A future release of javac may disable annotation processing
  unless at least one processor is specified by name (-processor), or a search
  path is specified (--processor-path, --processor-module-path), or annotation
  processing is enabled explicitly (-proc:only, -proc:full).
  Use -Xlint:-options to suppress this message.
  Use -proc:none to disable annotation processing.
[INFO] -------------------------------------------------------------
[ERROR] COMPILATION ERROR : 
[INFO] -------------------------------------------------------------
[ERROR] /D:/vs_capsro_backend_dev/flat_in_mate/src/main/java/com/flatmate/app/user/SeekerProfile.java:[9,67] cannot find symbol
  symbol:   class DynamoDbDocument
  location: package software.amazon.awssdk.enhanced.dynamodb.mapper.annotations
[ERROR] /D:/vs_capsro_backend_dev/flat_in_mate/src/main/java/com/flatmate/app/user/SeekerProfile.java:[17,2] cannot find symbol
  symbol: class DynamoDbDocument
[ERROR] /D:/vs_capsro_backend_dev/flat_in_mate/src/main/java/com/flatmate/app/location/UserLocation.java:[7,67] cannot find symbol
  symbol:   class DynamoDbDocument
  location: package software.amazon.awssdk.enhanced.dynamodb.mapper.annotations
[ERROR] /D:/vs_capsro_backend_dev/flat_in_mate/src/main/java/com/flatmate/app/location/UserLocation.java:[13,2] cannot find symbol
  symbol: class DynamoDbDocument
[INFO] 4 errors 
[INFO] -------------------------------------------------------------
[INFO] ------------------------------------------------------------------------
[INFO] BUILD FAILURE
[INFO] ------------------------------------------------------------------------
[INFO] Total time:  6.692 s
[INFO] Finished at: 2026-03-21T13:39:48+05:30
[INFO] ------------------------------------------------------------------------
[ERROR] Failed to execute goal org.apache.maven.plugins:maven-compiler-plugin:3.11.0:compile (default-compile) on project flatmate-app: Compilation failure: Compilation failure: 
[ERROR] /D:/vs_capsro_backend_dev/flat_in_mate/src/main/java/com/flatmate/app/user/SeekerProfile.java:[9,67] cannot find symbol
[ERROR]   symbol:   class DynamoDbDocument
[ERROR]   location: package software.amazon.awssdk.enhanced.dynamodb.mapper.annotations
[ERROR] /D:/vs_capsro_backend_dev/flat_in_mate/src/main/java/com/flatmate/app/user/SeekerProfile.java:[17,2] cannot find symbol
[ERROR]   symbol: class DynamoDbDocument
[ERROR] /D:/vs_capsro_backend_dev/flat_in_mate/src/main/java/com/flatmate/app/location/UserLocation.java:[7,67] cannot find symbol
[ERROR]   symbol:   class DynamoDbDocument
[ERROR]   location: package software.amazon.awssdk.enhanced.dynamodb.mapper.annotations
[ERROR] /D:/vs_capsro_backend_dev/flat_in_mate/src/main/java/com/flatmate/app/location/UserLocation.java:[13,2] cannot find symbol
[ERROR]   symbol: class DynamoDbDocument
[ERROR] -> [Help 1]
[ERROR] 
[ERROR] To see the full stack trace of the errors, re-run Maven with the -e switch.
[ERROR] Re-run Maven using the -X switch to enable full debug logging.
[ERROR] 
[ERROR] For more information about the errors and possible solutions, please read the following articles:
[ERROR] [Help 1] http://cwiki.apache.org/confluence/display/MAVEN/MojoFailureException
